PREPARED 1 M 64 grids 12031 8226 atoms 1884 tau I(1.1059685901498703e-20, 1.1059685901498705e-20) missing mass 2.0773483031411716e-19
PREPARED 2 M 160 grids 10545 8593 atoms 1885 tau I(5.1490900172239855e-23, 5.149090017223986e-23) missing mass 2.098524126822529e-19
Preparing upward transitions: 12031+8226 nodes.
candidate count 8 of 64 complete
candidate count 16 of 64 complete
candidate count 24 of 64 complete
candidate count 32 of 64 complete
candidate count 40 of 64 complete
candidate count 48 of 64 complete
candidate count 56 of 64 complete
candidate count 64 of 64 complete
Preparing upward transitions: 10545+8593 nodes.
candidate count 8 of 160 complete
candidate count 16 of 160 complete
candidate count 24 of 160 complete
candidate count 32 of 160 complete
candidate count 40 of 160 complete
candidate count 48 of 160 complete
candidate count 56 of 160 complete
candidate count 64 of 160 complete
candidate count 72 of 160 complete
candidate count 80 of 160 complete
candidate count 88 of 160 complete
candidate count 96 of 160 complete
candidate count 104 of 160 complete
candidate count 112 of 160 complete
candidate count 120 of 160 complete
candidate count 128 of 160 complete
candidate count 136 of 160 complete
candidate count 144 of 160 complete
candidate count 152 of 160 complete
candidate count 160 of 160 complete
REFINE 1 0 seconds 0.0
REFINE 1 100 seconds 1.6
REFINE 1 200 seconds 3.1
REFINE 1 300 seconds 4.8
REFINE 1 400 seconds 6.7
REFINE 1 500 seconds 8.4
ACCEPT PROFILE 1 candidate wins [411, 431] seconds 9.2
REFINE 2 0 seconds 0.0
REFINE 2 100 seconds 3.8
REFINE 2 200 seconds 8.1
REFINE 2 300 seconds 12.9
REFINE 2 400 seconds 16.8
REFINE 2 500 seconds 20.6
ACCEPT PROFILE 2 candidate wins [247, 289] seconds 22.6
pair 1 segments 1068 singular fractions ['5191', '1267650600228229401496703205376'] ['5191', '1267650600228229401496703205376']
ACCEPT 1 1 5.64 delta+ 0.000000009976213 delta- 0.000000009830205 det 5.77609 5.77610 elapsed 1.9
ACCEPT 1 2 6.49 delta+ 0.000000009918076 delta- 0.000000003792241 det 8.53378 8.53379 elapsed 3.5
ACCEPT 1 3 7.11 delta+ 0.000000009873028 delta- 0.000000003739755 det 10.77585 10.77586 elapsed 5.0
ACCEPT 1 5 7.97 delta+ 0.000000009856064 delta- 0.000000003805278 det 14.55020 14.55021 elapsed 6.5
ACCEPT 1 10 9.46 delta+ 0.000000009827136 delta- 0.000000002958480 det 22.17343 22.17344 elapsed 8.3
ACCEPT 1 20 11.68 delta+ 0.000000009815068 delta- 0.000000001776753 det 34.45137 34.45138 elapsed 10.4
COMPLETE 1 seconds 10.43
pair 2 segments 491 singular fractions ['1', '1267650600228229401496703205376'] ['1', '1267650600228229401496703205376']
ACCEPT 2 1 0.47 delta+ 0.000000008673749 delta- 0.000000004661632 det 2.70760 2.70761 elapsed 1.7
ACCEPT 2 2 0.54 delta+ 0.000000009297384 delta- 0.000000005068027 det 3.94246 3.94247 elapsed 3.2
ACCEPT 2 3 0.60 delta+ 0.000000009368465 delta- 0.000000005303823 det 4.92506 4.92507 elapsed 4.7
ACCEPT 2 5 0.71 delta+ 0.000000008525892 delta- 0.000000005244378 det 6.54265 6.54266 elapsed 6.4
ACCEPT 2 10 0.93 delta+ 0.000000009426291 delta- 0.000000006838964 det 9.69784 9.69785 elapsed 8.1
ACCEPT 2 20 1.29 delta+ 0.000000008197034 delta- 0.000000006619090 det 14.55020 14.55021 elapsed 8.6
COMPLETE 2 seconds 8.62
PREP MAX 1 [(-1388, 21187, 1.0333801956502464e-19), (-17759, 19159, 9.656175598699024e-20), (-1387, 21187, 1.0333801956502464e-19), (-17758, 19159, 9.656175598699024e-20)]
MAX POWER 1 2 [(-2100, 28675), (-21630, 23750), (-2098, 28675), (-21628, 23750)]
MAX POWER 1 4 [(-3156, 33486), (-22785, 25985), (-3152, 33486), (-22781, 25985)]
MAX POWER 1 8 [(-4770, 38355), (-24599, 29469), (-4762, 38355), (-24591, 29469)]
MAX POWER 1 16 [(-7188, 44733), (-26845, 34266), (-7172, 44733), (-26829, 34266)]
ACCEPT MAX 1 1 5.106 5.107 ['0.000000010013440', '0.000000000000000'] ['0.000000009993827', '0.000000000000001'] elapsed 19.9
ACCEPT MAX 1 2 5.538 5.540 ['0.000000010019645', '0.000000000000000'] ['0.000000009987273', '0.000000000000001'] elapsed 20.1
ACCEPT MAX 1 3 5.885 5.888 ['0.000000010022954', '0.000000000000000'] ['0.000000009979316', '0.000000000000001'] elapsed 24.3
ACCEPT MAX 1 5 6.423 6.426 ['0.000000010011846', '0.000000000000000'] ['0.000000009998558', '0.000000000000001'] elapsed 28.3
ACCEPT MAX 1 10 7.354 7.360 ['0.000000010001381', '0.000000000000000'] ['0.000000009976910', '0.000000000000001'] elapsed 34.5
ACCEPT MAX 1 20 8.646 8.657 ['0.000000010014161', '0.000000000000000'] ['0.000000009991694', '0.000000000000001'] elapsed 42.9
PREP MAX 2 [(-320, 6153, 9.656175598699024e-20), (-5322, 5642, 9.020900888258299e-20), (-319, 6153, 9.656175598699024e-20), (-5321, 5642, 9.020900888258299e-20)]
MAX POWER 2 2 [(-430, 5900), (-4981, 5410), (-428, 5900), (-4979, 5410)]
MAX POWER 2 4 [(-578, 5986), (-4946, 5523), (-574, 5986), (-4942, 5523)]
MAX POWER 2 8 [(-784, 6204), (-4961, 5742), (-776, 6204), (-4953, 5742)]
MAX POWER 2 16 [(-1072, 6540), (-5015, 6079), (-1056, 6540), (-4999, 6079)]
ACCEPT MAX 2 1 0.257 0.259 ['0.000000010170596', '0.000000000000000'] ['0.000000009812722', '0.000000000000001'] elapsed 3.0
ACCEPT MAX 2 2 0.289 0.291 ['0.000000010226337', '0.000000000000000'] ['0.000000009998965', '0.000000000000001'] elapsed 3.0
ACCEPT MAX 2 3 0.310 0.313 ['0.000000010135850', '0.000000000000000'] ['0.000000009811439', '0.000000000000001'] elapsed 3.8
ACCEPT MAX 2 5 0.338 0.342 ['0.000000010201901', '0.000000000000000'] ['0.000000009887661', '0.000000000000001'] elapsed 4.6
ACCEPT MAX 2 10 0.383 0.389 ['0.000000010041047', '0.000000000000000'] ['0.000000009842410', '0.000000000000001'] elapsed 5.2
ACCEPT MAX 2 20 0.438 0.449 ['0.000000010032853', '0.000000000000004'] ['0.000000009837569', '0.000000000000005'] elapsed 5.8
POISSON BINS 1 -11 26645
POISSON BINS 1 4989 26645
POISSON BINS 1 9989 26645
POISSON BINS 1 14989 26645
POISSON BINS 1 19989 26645
POISSON BINS 1 24989 26645
PREP POISSON 1 [(-11, 18332, 4.288739570185336e-18), (-16664, 16676, 3.878563865477441e-18)]
POISSON EPOCH KERNEL 1 0 -3045 22814 missing 6.064816888712993e-15 elapsed 57.2
POISSON EPOCH KERNEL 1 1 -18088 21143 missing 5.50129031582768e-15 elapsed 65.6
POISSON POWER 1 2
POISSON POWER 1 4
POISSON POWER 1 8
POISSON POWER 1 16
ACCEPT POISSON 1 1 0.306 ['0.000000009767479', '0.000000000000006'] elapsed 74.9
ACCEPT POISSON 1 2 0.363 ['0.000000009945733', '0.000000000000016'] elapsed 75.0
ACCEPT POISSON 1 3 0.414 ['0.000000009761628', '0.000000000000864'] elapsed 77.0
ACCEPT POISSON 1 5 0.507 ['0.000000009722178', '0.000000000029207'] elapsed 79.4
ACCEPT POISSON 1 10 0.697 ['0.000000009951180', '0.000000000290328'] elapsed 82.3
ACCEPT POISSON 1 20 0.982 ['0.000000009925639', '0.000000000904027'] elapsed 86.1
POISSON BINS 2 -11 1223
PREP POISSON 2 [(-10, 846, 1.937587866844212e-19), (-831, 842, 1.9566461081574338e-19)]
POISSON EPOCH KERNEL 2 0 -1459 3185 missing 2.9136556957008643e-16 elapsed 1.5
POISSON EPOCH KERNEL 2 1 -1722 3184 missing 2.9114004704788e-16 elapsed 1.6
POISSON POWER 2 2
POISSON POWER 2 4
POISSON POWER 2 8
POISSON POWER 2 16
ACCEPT POISSON 2 1 0.081 ['0.000000008025123', '0.000000000832802'] elapsed 2.7
ACCEPT POISSON 2 2 0.114 ['0.000000009578720', '0.000000001979643'] elapsed 2.7
ACCEPT POISSON 2 3 0.140 ['0.000000009782486', '0.000000002676535'] elapsed 2.9
ACCEPT POISSON 2 5 0.182 ['0.000000009559508', '0.000000003436832'] elapsed 3.1
ACCEPT POISSON 2 10 0.260 ['0.000000009544344', '0.000000004536752'] elapsed 3.4
ACCEPT POISSON 2 20 0.372 ['0.000000009602967', '0.000000005578280'] elapsed 3.9
INDEPENDENT CHECKS PASSED; MPFR 4.2.2
COLLECTED 12 certified comparison rows
1 ratio to pair <= 1.2408531838704655 gap closure > 0.4449228561176893 Poisson separation > 12.668639053254438
2 ratio to pair <= 2.100591715976331 gap closure > 0.24390243902439024 Poisson separation > 1.8571428571428572
FULL REPRODUCTION PASSED; elapsed seconds 275.077
