PREP MAX 1 [(-1388, 21187, 1.0333801956502464e-19), (-17759, 19159, 9.656175598699024e-20), (-1387, 21187, 1.0333801956502464e-19), (-17758, 19159, 9.656175598699024e-20)]
MAX POWER 1 2 [(-2100, 28675), (-21630, 23750), (-2098, 28675), (-21628, 23750)]
MAX POWER 1 4 [(-3156, 33486), (-22785, 25985), (-3152, 33486), (-22781, 25985)]
MAX POWER 1 8 [(-4770, 38355), (-24599, 29469), (-4762, 38355), (-24591, 29469)]
MAX POWER 1 16 [(-7188, 44733), (-26845, 34266), (-7172, 44733), (-26829, 34266)]
ACCEPT MAX 1 1 5.106 5.107 ['0.000000010013440', '0.000000000000000'] ['0.000000009993827', '0.000000000000001'] elapsed 21.2
ACCEPT MAX 1 2 5.538 5.540 ['0.000000010019645', '0.000000000000000'] ['0.000000009987273', '0.000000000000001'] elapsed 21.4
ACCEPT MAX 1 3 5.885 5.888 ['0.000000010022954', '0.000000000000000'] ['0.000000009979316', '0.000000000000001'] elapsed 25.0
ACCEPT MAX 1 5 6.423 6.426 ['0.000000010011846', '0.000000000000000'] ['0.000000009998558', '0.000000000000001'] elapsed 29.2
ACCEPT MAX 1 10 7.354 7.360 ['0.000000010001381', '0.000000000000000'] ['0.000000009976910', '0.000000000000001'] elapsed 35.9
ACCEPT MAX 1 20 8.646 8.657 ['0.000000010014161', '0.000000000000000'] ['0.000000009991694', '0.000000000000001'] elapsed 44.2
PREP MAX 2 [(-320, 6153, 9.656175598699024e-20), (-5322, 5642, 9.020900888258299e-20), (-319, 6153, 9.656175598699024e-20), (-5321, 5642, 9.020900888258299e-20)]
MAX POWER 2 2 [(-430, 5900), (-4981, 5410), (-428, 5900), (-4979, 5410)]
MAX POWER 2 4 [(-578, 5986), (-4946, 5523), (-574, 5986), (-4942, 5523)]
MAX POWER 2 8 [(-784, 6204), (-4961, 5742), (-776, 6204), (-4953, 5742)]
MAX POWER 2 16 [(-1072, 6540), (-5015, 6079), (-1056, 6540), (-4999, 6079)]
ACCEPT MAX 2 1 0.257 0.259 ['0.000000010170596', '0.000000000000000'] ['0.000000009812722', '0.000000000000001'] elapsed 3.1
ACCEPT MAX 2 2 0.289 0.291 ['0.000000010226337', '0.000000000000000'] ['0.000000009998965', '0.000000000000001'] elapsed 3.2
ACCEPT MAX 2 3 0.310 0.313 ['0.000000010135850', '0.000000000000000'] ['0.000000009811439', '0.000000000000001'] elapsed 3.6
ACCEPT MAX 2 5 0.338 0.342 ['0.000000010201901', '0.000000000000000'] ['0.000000009887661', '0.000000000000001'] elapsed 4.1
ACCEPT MAX 2 10 0.383 0.389 ['0.000000010041047', '0.000000000000000'] ['0.000000009842410', '0.000000000000001'] elapsed 4.5
ACCEPT MAX 2 20 0.438 0.449 ['0.000000010032853', '0.000000000000004'] ['0.000000009837569', '0.000000000000005'] elapsed 5.1
