POISSON BINS 1 -11 26645
POISSON BINS 1 4989 26645
POISSON BINS 1 9989 26645
POISSON BINS 1 14989 26645
POISSON BINS 1 19989 26645
POISSON BINS 1 24989 26645
PREP POISSON 1 [(-11, 18332, 4.288739570185336e-18), (-16664, 16676, 3.878563865477441e-18)]
POISSON EPOCH KERNEL 1 0 -3045 22814 missing 6.064816888712993e-15 elapsed 37.7
POISSON EPOCH KERNEL 1 1 -18088 21143 missing 5.50129031582768e-15 elapsed 45.8
POISSON POWER 1 2
POISSON POWER 1 4
POISSON POWER 1 8
POISSON POWER 1 16
ACCEPT POISSON 1 1 0.306 ['0.000000009767479', '0.000000000000006'] elapsed 55.0
ACCEPT POISSON 1 2 0.363 ['0.000000009945733', '0.000000000000016'] elapsed 55.1
ACCEPT POISSON 1 3 0.414 ['0.000000009761628', '0.000000000000864'] elapsed 57.1
ACCEPT POISSON 1 5 0.507 ['0.000000009722178', '0.000000000029207'] elapsed 59.3
ACCEPT POISSON 1 10 0.697 ['0.000000009951180', '0.000000000290328'] elapsed 62.1
ACCEPT POISSON 1 20 0.982 ['0.000000009925639', '0.000000000904027'] elapsed 66.2
POISSON BINS 2 -11 1223
PREP POISSON 2 [(-10, 846, 1.937587866844212e-19), (-831, 842, 1.9566461081574338e-19)]
POISSON EPOCH KERNEL 2 0 -1459 3185 missing 2.9136556957008643e-16 elapsed 1.6
POISSON EPOCH KERNEL 2 1 -1722 3184 missing 2.9114004704788e-16 elapsed 1.7
POISSON POWER 2 2
POISSON POWER 2 4
POISSON POWER 2 8
POISSON POWER 2 16
ACCEPT POISSON 2 1 0.081 ['0.000000008025123', '0.000000000832802'] elapsed 2.6
ACCEPT POISSON 2 2 0.114 ['0.000000009578720', '0.000000001979643'] elapsed 2.6
ACCEPT POISSON 2 3 0.140 ['0.000000009782486', '0.000000002676535'] elapsed 2.8
ACCEPT POISSON 2 5 0.182 ['0.000000009559508', '0.000000003436832'] elapsed 2.9
ACCEPT POISSON 2 10 0.260 ['0.000000009544344', '0.000000004536752'] elapsed 3.2
ACCEPT POISSON 2 20 0.372 ['0.000000009602967', '0.000000005578280'] elapsed 3.7
